// Jest Snapshot v1, https://goo.gl/fbAQLP

exports[`Display the Correct H1 1`] = `
<h1
  className="main-title"
>
  Youtube Video List
</h1>
`;
